// Jest Snapshot v1, https://goo.gl/fbAQLP

exports[`Pruebas en Entry component debe de hacer match con el snapshot 1`] = `
<div class="entry-conteiner mb-3 pointer p-2">
  <!-- Titulo -->
  <div class="netry-title d-flex"><span class="text-success fs-5 fw-bold">17</span><span class="mx-1 fs-5">Enero</span><span class="mx-2 fw-light">2023, Martes</span></div>
  <div class="entry-description">Hola mundo desde mock data</div>
</div>
`;
